- execute:
    arrays_in_finalize.aleo/test_array_cast:
      outputs:
      - '{"type":"public","id":"618009125056813724019938266607788336058924648638837614752261920890593269253field","value":"[\n  [\n    false,\n    false,\n    false,\n    false\n  ]\n]"}'
      - '{"type":"private","id":"4895717349716591412552990208391508358948637013082938110574901730383478316360field","value":"ciphertext1qvqpae0w40vf22ysxg83vghyhggcqfemj3hz6pxyct3xm9qtmhjvjqqy5axagn4ynrd55632yrrlemjse25yzxyac9rmnhh97prp293nq09fnt0fpny2t878jt4h4cveescncyj602y0lastu7ux3gdlr5mqvza0clh"}'
      finalize:
      - |-
        [
          [
            true,
            false,
            true,
            false
          ]
        ]
      - |-
        [
          [
            false,
            true,
            false,
            true
          ]
        ]
    credits.aleo/fee_private:
      outputs:
      - '{"type":"record","id":"12195331829681529393535173981913011208337217771301192461142640534534318436field","checksum":"6181590621439946386292069442208135426409672777888603362185479492519791781085field","value":"record1qyqsq9cvd8qu7p0ztl96drjuf8ya442x3y7usf5qzzq5cu6e3xyvfrgzqyxx66trwfhkxun9v35hguerqqpqzqq5ltda0rh9xkpmd4xq34dqk4jygguq3fye4t7m9swz4q2phen2qwq9avzng3znhg9syn52v8j806fhlujcf605tu98y09t4fz2833sv725zsv"}'
      finalize: []
  speculate: the execution was accepted
  add_next_block: succeeded.
- execute:
    arrays_in_finalize.aleo/test_array_concat:
      outputs: []
      finalize:
      - |-
        [
          [
            true,
            true,
            true,
            true
          ]
        ]
      - |-
        [
          [
            false,
            false,
            false,
            false
          ]
        ]
    credits.aleo/fee_private:
      outputs:
      - '{"type":"record","id":"3507557030367042943751639406815591924237900659848129228262864458778661242705field","checksum":"6251448169019973173797326353192407245999790704443631155041224386707896984854field","value":"record1qyqsqujwanp5cf9yvx8qaym3v6wyvj4aevk2ae3azyfr767pwjqdqlgrqyxx66trwfhkxun9v35hguerqqpqzqrpa7e9sh4panjvkua2g730vd68awfanad0au875ujrpmu5en45qz60000qeqc9pz644qufry206fm4a0jj9g6qjed4xhjphwzlg3dsslphyg5"}'
      finalize: []
  speculate: the execution was accepted
  add_next_block: succeeded.
