errors: []
outputs:
- verified: true
  execute:
    branch_with_future.aleo/bar:
      outputs:
      - '{"type":"future","id":"532496450620712418776005524415557851464510738606851840427566557694094457416field","value":"{\n  program_id: branch_with_future.aleo,\n  function_name: bar,\n  arguments: [\n    {\n      program_id: child.aleo,\n      function_name: foo,\n      arguments: [\n        true,\n        false\n      ]\n    }\n  \n  ]\n}"}'
  speculate: the execution was rejected
  add_next_block: succeeded.
- verified: true
  execute:
    branch_with_future.aleo/baz:
      outputs:
      - '{"type":"future","id":"2361104789285054083199413742429489255699437584612232911190625924778322773141field","value":"{\n  program_id: branch_with_future.aleo,\n  function_name: baz,\n  arguments: [\n    true,\n    true,\n    {\n      program_id: child.aleo,\n      function_name: foo,\n      arguments: [\n        true,\n        true\n      ]\n    },\n    {\n      program_id: child.aleo,\n      function_name: foo,\n      arguments: [\n        true,\n        true\n      ]\n    }\n  \n  ]\n}"}'
  speculate: the execution was accepted
  add_next_block: succeeded.
- verified: true
  execute:
    branch_with_future.aleo/baz:
      outputs:
      - '{"type":"future","id":"1402916336925887090902739558699125055972930142808753436804014281410394538962field","value":"{\n  program_id: branch_with_future.aleo,\n  function_name: baz,\n  arguments: [\n    true,\n    false,\n    {\n      program_id: child.aleo,\n      function_name: foo,\n      arguments: [\n        true,\n        true\n      ]\n    },\n    {\n      program_id: child.aleo,\n      function_name: foo,\n      arguments: [\n        true,\n        true\n      ]\n    }\n  \n  ]\n}"}'
  speculate: the execution was rejected
  add_next_block: succeeded.
- verified: true
  execute:
    branch_with_future.aleo/baz:
      outputs:
      - '{"type":"future","id":"4854465854553921857366813863818243323149456475014089875476988237222845632319field","value":"{\n  program_id: branch_with_future.aleo,\n  function_name: baz,\n  arguments: [\n    false,\n    true,\n    {\n      program_id: child.aleo,\n      function_name: foo,\n      arguments: [\n        true,\n        true\n      ]\n    },\n    {\n      program_id: child.aleo,\n      function_name: foo,\n      arguments: [\n        true,\n        true\n      ]\n    }\n  \n  ]\n}"}'
  speculate: the execution was rejected
  add_next_block: succeeded.
- verified: true
  execute:
    branch_with_future.aleo/baz:
      outputs:
      - '{"type":"future","id":"1843413419196646420029804437148613039974077777445552833060053892958356613072field","value":"{\n  program_id: branch_with_future.aleo,\n  function_name: baz,\n  arguments: [\n    false,\n    false,\n    {\n      program_id: child.aleo,\n      function_name: foo,\n      arguments: [\n        true,\n        true\n      ]\n    },\n    {\n      program_id: child.aleo,\n      function_name: foo,\n      arguments: [\n        true,\n        true\n      ]\n    }\n  \n  ]\n}"}'
  speculate: the execution was accepted
  add_next_block: succeeded.
- verified: true
  execute:
    branch_with_future.aleo/qux:
      outputs:
      - '{"type":"future","id":"4155813596240727734849835492169467364143237381928187150511194654481173622979field","value":"{\n  program_id: branch_with_future.aleo,\n  function_name: qux,\n  arguments: [\n    {\n      program_id: child.aleo,\n      function_name: foo,\n      arguments: [\n        true,\n        true\n      ]\n    }\n  \n  ]\n}"}'
  speculate: the execution was rejected
  add_next_block: succeeded.
additional:
- child_outputs:
    child.aleo/foo:
      outputs:
      - '{"type":"future","id":"2487749389432670527861040461544484385987280869909415899406823322067698170131field","value":"{\n  program_id: child.aleo,\n  function_name: foo,\n  arguments: [\n    true,\n    false\n  ]\n}"}'
    credits.aleo/fee_public:
      outputs:
      - '{"type":"future","id":"1552750769550300180863888227304037372030732227352329844272442427262662766242field","value":"{\n  program_id: credits.aleo,\n  function_name: fee_public,\n  arguments: [\n    aleo19f7ldyn2txn950arxwzgmd69hc92agvaavuaghq3n86fv9sq25qsuu46xk,\n    3621u64\n  ]\n}"}'
- child_outputs:
    child.aleo/foo:
      outputs:
      - '{"type":"future","id":"5675773560018644127695284528745449800752793034919509694930020595083458168228field","value":"{\n  program_id: child.aleo,\n  function_name: foo,\n  arguments: [\n    true,\n    true\n  ]\n}"}'
    credits.aleo/fee_public:
      outputs:
      - '{"type":"future","id":"2634439008532753204534514830736017501445183671582120008081059628732113476394field","value":"{\n  program_id: credits.aleo,\n  function_name: fee_public,\n  arguments: [\n    aleo19f7ldyn2txn950arxwzgmd69hc92agvaavuaghq3n86fv9sq25qsuu46xk,\n    7974u64\n  ]\n}"}'
- child_outputs:
    child.aleo/foo:
      outputs:
      - '{"type":"future","id":"5447761632307658100656681318981387298919799131534949319449526066624527650299field","value":"{\n  program_id: child.aleo,\n  function_name: foo,\n  arguments: [\n    true,\n    true\n  ]\n}"}'
    credits.aleo/fee_public:
      outputs:
      - '{"type":"future","id":"6306173585981495367473045331758800973636068968660127410351560251620260221186field","value":"{\n  program_id: credits.aleo,\n  function_name: fee_public,\n  arguments: [\n    aleo19f7ldyn2txn950arxwzgmd69hc92agvaavuaghq3n86fv9sq25qsuu46xk,\n    7974u64\n  ]\n}"}'
- child_outputs:
    child.aleo/foo:
      outputs:
      - '{"type":"future","id":"2062142932006850709906801162715527667104306315077698583728145290870005626451field","value":"{\n  program_id: child.aleo,\n  function_name: foo,\n  arguments: [\n    true,\n    true\n  ]\n}"}'
    credits.aleo/fee_public:
      outputs:
      - '{"type":"future","id":"7680156005998007920105257299281083414679923003481745043944797256160305851517field","value":"{\n  program_id: credits.aleo,\n  function_name: fee_public,\n  arguments: [\n    aleo19f7ldyn2txn950arxwzgmd69hc92agvaavuaghq3n86fv9sq25qsuu46xk,\n    7974u64\n  ]\n}"}'
- child_outputs:
    child.aleo/foo:
      outputs:
      - '{"type":"future","id":"7482604575063255179687452060897359826557516744962030843253570433696575062636field","value":"{\n  program_id: child.aleo,\n  function_name: foo,\n  arguments: [\n    true,\n    true\n  ]\n}"}'
    credits.aleo/fee_public:
      outputs:
      - '{"type":"future","id":"1415437982747222703874006561878974850596390844596974067519096492194544583450field","value":"{\n  program_id: credits.aleo,\n  function_name: fee_public,\n  arguments: [\n    aleo19f7ldyn2txn950arxwzgmd69hc92agvaavuaghq3n86fv9sq25qsuu46xk,\n    7974u64\n  ]\n}"}'
- child_outputs:
    child.aleo/foo:
      outputs:
      - '{"type":"future","id":"2561320343493068993945324731576919050362474601020484141774343487194159903672field","value":"{\n  program_id: child.aleo,\n  function_name: foo,\n  arguments: [\n    true,\n    true\n  ]\n}"}'
    credits.aleo/fee_public:
      outputs:
      - '{"type":"future","id":"2060794063933179252629426774876402405070127724003123596182268946753044534528field","value":"{\n  program_id: credits.aleo,\n  function_name: fee_public,\n  arguments: [\n    aleo19f7ldyn2txn950arxwzgmd69hc92agvaavuaghq3n86fv9sq25qsuu46xk,\n    3521u64\n  ]\n}"}'
