errors: []
outputs:
- verified: true
  execute:
    child.aleo/foo:
      outputs:
      - '{"type":"public","id":"8257993261519343122023101166480151323931323787055034156941189634399210202459field","value":"aleo1qr2ha4pfs5l28aze88yn6fhleeythklkczrule2v838uwj65n5gqxt9djx"}'
      - '{"type":"public","id":"188190518969019844021095872841035661635298121101628545721182533596213107162field","value":"aleo1qr2ha4pfs5l28aze88yn6fhleeythklkczrule2v838uwj65n5gqxt9djx"}'
  speculate: the execution was accepted
  add_next_block: succeeded.
- verified: true
  execute:
    parent.aleo/foo:
      outputs:
      - '{"type":"public","id":"5659858974486313466575226260845503816979591587276786620624467407599116914038field","value":"aleo16w8t56s7v6ud7vu33fr388ph0dq0c7yhp597cyjt88rr3nultcyqcyk9yy"}'
      - '{"type":"public","id":"2284865988687012438785552090811369628576124923682194722522318003600012047529field","value":"aleo1qr2ha4pfs5l28aze88yn6fhleeythklkczrule2v838uwj65n5gqxt9djx"}'
      - '{"type":"public","id":"8179726172313399939265670838540366852175382310921990612683156165949485580171field","value":"aleo1qr2ha4pfs5l28aze88yn6fhleeythklkczrule2v838uwj65n5gqxt9djx"}'
      - '{"type":"public","id":"6136647598927890396739645454509256562231663381292425428013956117563111804111field","value":"aleo1qr2ha4pfs5l28aze88yn6fhleeythklkczrule2v838uwj65n5gqxt9djx"}'
  speculate: the execution was accepted
  add_next_block: succeeded.
additional:
- child_outputs:
    credits.aleo/fee_public:
      outputs:
      - '{"type":"future","id":"8038303756319041464205585758890772107103094147833742185831015274112242397170field","value":"{\n  program_id: credits.aleo,\n  function_name: fee_public,\n  arguments: [\n    aleo1qr2ha4pfs5l28aze88yn6fhleeythklkczrule2v838uwj65n5gqxt9djx,\n    1244u64\n  ]\n}"}'
- child_outputs:
    child.aleo/foo:
      outputs:
      - '{"type":"public","id":"8198940315425398645135948347803651217596158581421876066209083610850686200351field","value":"aleo16w8t56s7v6ud7vu33fr388ph0dq0c7yhp597cyjt88rr3nultcyqcyk9yy"}'
      - '{"type":"public","id":"3917485763512771512439229660054620197118945473924338831496641922296791545909field","value":"aleo1qr2ha4pfs5l28aze88yn6fhleeythklkczrule2v838uwj65n5gqxt9djx"}'
    credits.aleo/fee_public:
      outputs:
      - '{"type":"future","id":"7679903120497926643469426574546065855464063047315663279655785799119197818907field","value":"{\n  program_id: credits.aleo,\n  function_name: fee_public,\n  arguments: [\n    aleo1qr2ha4pfs5l28aze88yn6fhleeythklkczrule2v838uwj65n5gqxt9djx,\n    2123u64\n  ]\n}"}'
