errors: []
outputs:
- verified: true
  execute:
    gas_dos.aleo/make_trash_empty:
      outputs: []
  speculate: the execution was accepted
  add_next_block: succeeded.
- verified: true
  execute:
    gas_dos.aleo/make_trash:
      outputs:
      - '{"type":"public","id":"6747157736748603480590286328272166026792595420044415085985565949658486836640field","value":"0u8"}'
      - '{"type":"public","id":"649973566147243409550290245203382623458718713926298287005827875227629101586field","value":"1u8"}'
      - '{"type":"public","id":"4715184471484114421621316918068835569036773074904095137588387911996155207218field","value":"2u8"}'
      - '{"type":"public","id":"6010118718732002261351810375013950678580303457924654867349009010796624699379field","value":"3u8"}'
      - '{"type":"public","id":"6333722332192433030784808291116138880151228199115059689497917707786299191732field","value":"4u8"}'
      - '{"type":"public","id":"5888245555064288391430977044838182586435070649131417859369280771113057190243field","value":"5u8"}'
      - '{"type":"public","id":"2705380664623532047544469249146152090862016550891767685765285532434095990009field","value":"6u8"}'
      - '{"type":"public","id":"5519628389319624879328309620830309237982407537738349566389273882401739294201field","value":"7u8"}'
      - '{"type":"public","id":"7997534825149575584899781068011514298311850117701142304696407678330173846824field","value":"8u8"}'
      - '{"type":"public","id":"8351421848133987949134108689305992851517388701279810208886613680610063838811field","value":"9u8"}'
      - '{"type":"public","id":"1040364973741132984216208872045302650189239516982574815007069482884664919083field","value":"10u8"}'
      - '{"type":"public","id":"653656632487021611433829850348345841758372491630426780843163907813480449226field","value":"11u8"}'
      - '{"type":"public","id":"1593623190274459185231022493182745978048719576581716602188209609143075467430field","value":"12u8"}'
      - '{"type":"public","id":"7294419130461631769356218452308251405322881405358069999008200992226082717233field","value":"13u8"}'
      - '{"type":"public","id":"1924392335704798525876601513574376180904631637832561294379847655890585101681field","value":"14u8"}'
      - '{"type":"public","id":"5010979078364274103068904287124840185727981251110897531184800275512425378069field","value":"15u8"}'
  speculate: the execution was accepted
  add_next_block: succeeded.
- verified: true
  execute:
    gas_dos.aleo/make_trash_private:
      outputs:
      - '{"type":"private","id":"3178675254300275843383623280462721192133283660421872326577156508145365668480field","value":"ciphertext1qyqr72l9jxzmxy9grsl272ud24lq4de7pa36zww2c8n6sdt8ft3n2rsktrhcl"}'
      - '{"type":"private","id":"3592370700431980549398591027926102431719057246222545849949554376480536512418field","value":"ciphertext1qyqp9mhjastjmtqppl0us4h0s9hwm2udk6sl7z8kmwxx0rjak0xl6rgrhdfp9"}'
      - '{"type":"private","id":"5015190936906056906946595445486950479313140539015689642403600858320056079439field","value":"ciphertext1qyq2g4a6rkuzfs8x70r6zwyudgpn6rng0kv7l008nz52tzjjuyxscysn9k37c"}'
      - '{"type":"private","id":"6455178200979974567545886653888837738198208830988894675846651316126562112600field","value":"ciphertext1qyqwk37q9hh34pyu5pqf4dqpkx62ct93u8eg503d3xdumxvgz24kzzs8xh5xf"}'
      - '{"type":"private","id":"441578724655724425378862348205143575014108836933091743264908377416536569902field","value":"ciphertext1qyqx373jlfqlp8wk0z8d03w92aj5q6arcw5fa7crsln6je7ckufy2rs440p2r"}'
      - '{"type":"private","id":"6727562409363713712272278253770938277290531703671883963721201766296710559416field","value":"ciphertext1qyqdrq9fmpxuvu637fzzevfj8k9p9twwt3skkakks43gjg3wxlmtvrcc2p8tg"}'
      - '{"type":"private","id":"5900765846499883782656717755603787007957422075389964372791436651348006857224field","value":"ciphertext1qyqv8d0puv5lruc00xprqgfs3hql2jc7g0ku3usuxsqy4usz0l96ypgy9ur3s"}'
      - '{"type":"private","id":"8295226756217200209959596718098054063884309676582306399212247817727537167993field","value":"ciphertext1qyqq2du67uasu2glt9kdhec7j7vct2rtdcnll3t8mpcrx02s0u0sxqsge3tlk"}'
      - '{"type":"private","id":"8181394151926143042727606222080968091219514666973681831838802634723910704807field","value":"ciphertext1qyqxra6lnwkx3y8klf2vaud8keuk7jj4vd0k0kqgz8n26f3p97mrwrq0cq04s"}'
      - '{"type":"private","id":"6734729083449209300118471016891853097724739272233592697735883274736165821640field","value":"ciphertext1qyqth22n052v2gungdh5nyngegq4sh874nruytkew5zq7kf2nnycjqgz37js7"}'
      - '{"type":"private","id":"7500972475236275747881588151814005362695655417811301105586042430933060611422field","value":"ciphertext1qyq9nzmelc5zpuvchxr5m77enr4guj7ruv86xsdk2vx4ku3kwpxx2zsmw4usj"}'
      - '{"type":"private","id":"8130977734223629619959263278616285929176363729398376780604587589091569071181field","value":"ciphertext1qyqgh960exm7dn5p3vvtvvnpscyd3g62efr78a3syxzcnu3lzvyv2ygq2e3nn"}'
      - '{"type":"private","id":"1342233169177097654860453461670823088901477819542643899134838957080640297291field","value":"ciphertext1qyq2u4kvkuqkw9s0wegyczzul8s59mayjgaz0fzhtaemku6da6y5kpgxfu7sq"}'
      - '{"type":"private","id":"7391399596647972354386735773625796963369050508605780615676837486755007451180field","value":"ciphertext1qyqr7uqs6wayrttlxd333lat5xxhhqcphkkylpknkg5dy4gunyx6jygdeqlfm"}'
      - '{"type":"private","id":"154135336790998671754023870224163576051523380853463012393717687730220473648field","value":"ciphertext1qyqdehj5yytts6ldaa8ntgj8s695e73zhzg8gnv23kyr8zhzf3ftgqgsdeal0"}'
      - '{"type":"private","id":"920095085577843523152461784092653536941316929806000265061076826661821648007field","value":"ciphertext1qyqysgfylsuh23tvrszlzzdswkant3vkjgx3v8ljhnfqqsuyk23pgqguzd940"}'
  speculate: the execution was accepted
  add_next_block: succeeded.
- verified: true
  execute:
    gas_dos.aleo/make_trash_u64:
      outputs:
      - '{"type":"public","id":"730906278716886736214549186867912071216789907293619372995407182276178840902field","value":"0u64"}'
      - '{"type":"public","id":"1575109245045429171368494780502083018941818963548716389294319521981302512311field","value":"1u64"}'
      - '{"type":"public","id":"6542553720898513549147617785580217609728476848281216612038612053165479658830field","value":"2u64"}'
      - '{"type":"public","id":"2050986609566910687002825879266223498079680553920166082503745042337551889897field","value":"3u64"}'
      - '{"type":"public","id":"5975522125347992543144304600529534160726915753978735389103069215924086929065field","value":"4u64"}'
      - '{"type":"public","id":"865214254461360763975319846771214299246126238769524047937335685873932972656field","value":"5u64"}'
      - '{"type":"public","id":"7413677619876125297107923298740333237653602847707462889560217756108381577856field","value":"6u64"}'
      - '{"type":"public","id":"3818658792814943441144259826962247349479763887533450194755382563551975295868field","value":"7u64"}'
      - '{"type":"public","id":"5817474403061562864597825794761190001190072641318722371536768830410804482446field","value":"8u64"}'
      - '{"type":"public","id":"7395071954794891679353516576003699033961561851951923345976907792327399116690field","value":"9u64"}'
      - '{"type":"public","id":"3874311404551080002723926693546895057089037571699882905239093422478187649242field","value":"10u64"}'
      - '{"type":"public","id":"2652544184779857036613378232899309079255075769671475608097048618116099520983field","value":"11u64"}'
      - '{"type":"public","id":"6123105630472453276102467379726848248248111229924666892960235071928063826451field","value":"12u64"}'
      - '{"type":"public","id":"7303341187590343154113254059959784526630864495886820459905858622304002827944field","value":"13u64"}'
      - '{"type":"public","id":"2387756980249753394206100863037748629623359320692766913121732736054762620163field","value":"14u64"}'
      - '{"type":"public","id":"3697673160058841840452855423974362417429421748522565469691462360008980535628field","value":"15u64"}'
  speculate: the execution was accepted
  add_next_block: succeeded.
- verified: true
  execute:
    gas_dos.aleo/make_trash_call_inner:
      outputs: []
  speculate: the execution was accepted
  add_next_block: succeeded.
- verified: true
  execute:
    gas_dos.aleo/make_trash_call_inner_private:
      outputs: []
  speculate: the execution was accepted
  add_next_block: succeeded.
additional:
- child_outputs:
    credits.aleo/fee_public:
      outputs:
      - '{"type":"future","id":"1233502016375300540052185048988005014879973125955662939200057677097020855469field","value":"{\n  program_id: credits.aleo,\n  function_name: fee_public,\n  arguments: [\n    aleo10knkelvnd55fsaarm25wch7p9suf2tqlgwy5k4nxwms6d262xyfqm2tccr,\n    1153u64\n  ]\n}"}'
- child_outputs:
    credits.aleo/fee_public:
      outputs:
      - '{"type":"future","id":"7949043185167856339065705832481459070786322851203345196375864651473234929294field","value":"{\n  program_id: credits.aleo,\n  function_name: fee_public,\n  arguments: [\n    aleo10knkelvnd55fsaarm25wch7p9suf2tqlgwy5k4nxwms6d262xyfqm2tccr,\n    2363u64\n  ]\n}"}'
- child_outputs:
    credits.aleo/fee_public:
      outputs:
      - '{"type":"future","id":"7618522776601875506220555979247223944774138673406542519145196068858902991539field","value":"{\n  program_id: credits.aleo,\n  function_name: fee_public,\n  arguments: [\n    aleo10knkelvnd55fsaarm25wch7p9suf2tqlgwy5k4nxwms6d262xyfqm2tccr,\n    3331u64\n  ]\n}"}'
- child_outputs:
    credits.aleo/fee_public:
      outputs:
      - '{"type":"future","id":"4128578215055107219586693676580863389042669274675087117576661936356041869384field","value":"{\n  program_id: credits.aleo,\n  function_name: fee_public,\n  arguments: [\n    aleo10knkelvnd55fsaarm25wch7p9suf2tqlgwy5k4nxwms6d262xyfqm2tccr,\n    2591u64\n  ]\n}"}'
- child_outputs:
    child.aleo/inner_trash:
      outputs:
      - '{"type":"public","id":"5904883560300066031961888185189024338105163106003115127107355735397565233528field","value":"0u8"}'
      - '{"type":"public","id":"3346629042065382701229893557344247189765599789097218570622975043609670798803field","value":"1u8"}'
      - '{"type":"public","id":"4114234764478642651067432258613060895246418822635359350223568880016900828568field","value":"2u8"}'
      - '{"type":"public","id":"791622446349226962179035220266689816431702156005686036773793811267759407217field","value":"3u8"}'
      - '{"type":"public","id":"5861572462574962129911421840478714197449959818033666853831901127764956991974field","value":"4u8"}'
      - '{"type":"public","id":"8295750733030242931291044435301453040050673845774859044070421871333808089231field","value":"5u8"}'
      - '{"type":"public","id":"7955491755960271872467489555522237713927603213194488061987008083541383124742field","value":"6u8"}'
      - '{"type":"public","id":"3352141292834455276753576005850851253061340486572425616164757702636471923178field","value":"7u8"}'
      - '{"type":"public","id":"1454778745521830463882613773299218996297033423719881562973503668404270532584field","value":"8u8"}'
      - '{"type":"public","id":"7214833348890557492438630005734195060401225319633334274543131178468025949410field","value":"9u8"}'
      - '{"type":"public","id":"8070255258837127839579827105984137383669983211953015519516297263152741166622field","value":"10u8"}'
      - '{"type":"public","id":"6658033481790040965433203990044877190888249483767740626424900263358580479885field","value":"11u8"}'
      - '{"type":"public","id":"4634805450592919107424233434549539397856300586736332530027446614793085861610field","value":"12u8"}'
      - '{"type":"public","id":"6465237487036414684746876776225050063026228756956149581569485610341137167883field","value":"13u8"}'
      - '{"type":"public","id":"539780083557878421637523477938110313145014901324462713310417688577608340204field","value":"14u8"}'
      - '{"type":"public","id":"3032526681684647445570962976764436225697368058525256456212480567401674887679field","value":"15u8"}'
    credits.aleo/fee_public:
      outputs:
      - '{"type":"future","id":"4334081886835801940971123206469013415987775305601578551344205766751953038292field","value":"{\n  program_id: credits.aleo,\n  function_name: fee_public,\n  arguments: [\n    aleo10knkelvnd55fsaarm25wch7p9suf2tqlgwy5k4nxwms6d262xyfqm2tccr,\n    7558u64\n  ]\n}"}'
- child_outputs:
    child.aleo/inner_trash_private:
      outputs:
      - '{"type":"private","id":"8032697161240434925553233719907517361847178466961641830077911060008789447796field","value":"ciphertext1qyq8v9hksgs9z5n96m4rruzc5f8m25vshdtkh3ckwvtm6gzzpe827qs08fqhe"}'
      - '{"type":"private","id":"4738943134012647945226268068877749848128824814436419950647824307962508386185field","value":"ciphertext1qyqx9zgse0u8pmlawdjw4yhsvc4ncluft34zm4h84wa49qjjdhx9upq9sasx4"}'
      - '{"type":"private","id":"2635959015923564697286885588132564920865099194175958790989055258375639564872field","value":"ciphertext1qyq009lapuqdrxltqk24dh7lxqgscqecraejsk5fsdem5c9cpn99jrqachjfa"}'
      - '{"type":"private","id":"3529010997203471228727679630176343425830488200535857454220765551756642894632field","value":"ciphertext1qyqxxrkc6ky6qr2gahmh3fdx86sx3zd340kq93ypljef9lcyvj2qcrcj2675k"}'
      - '{"type":"private","id":"6665382644452199312390682569471698177901671090003591136674026014712215787440field","value":"ciphertext1qyqppt0twxta22kpkxltpmrjjrcc9awhw3d7hygwmmhplc9ctw067pqyg7995"}'
      - '{"type":"private","id":"2748689820460604776985274040581262596018845354312291444007836420267464829488field","value":"ciphertext1qyqdhvdkfjcpmgm8fk4uxdxwquf09a723pqp3pvpm8g6y0ljjkk5uqgq9kc0k"}'
      - '{"type":"private","id":"1447383371184268978767488566872720862633397185953221781947866349229014585162field","value":"ciphertext1qyqpw5fvuhvxav9maerk5apz4vy7kwww7fasgx5gaemtuagukqh2yzgv8dg5w"}'
      - '{"type":"private","id":"6382890757397621046591645619235381972287595253748882780507077881390244013680field","value":"ciphertext1qyqdu79dm6p7p2g9xysnlsgphtk9tar73c7vpfwd8udque73vpz3krqj97u8z"}'
      - '{"type":"private","id":"4316066373532442556231595467086777858030760464465764712503159356773410694734field","value":"ciphertext1qyqpuhrw5jdds2pdfve74272zyzp8dmhts57cydw6gzn75d226r2kpc9fuckz"}'
      - '{"type":"private","id":"3681815417015076292682872513235796496265803403295723825838200685480906340815field","value":"ciphertext1qyqwxufrfqkp9utdtrwu0nqrvtgnxqppnwga9fp5nv50hrrsqylpyyg546fam"}'
      - '{"type":"private","id":"7239731187052707524355678559194102714131401220844799996252791084924098866449field","value":"ciphertext1qyqdha7v553khg0dlca7zqrav2y32qgxzpwexu3pk4lh00uah8dcuqq9l3svw"}'
      - '{"type":"private","id":"6915938306677382285025362060620239528744510612859529413977898404015795221508field","value":"ciphertext1qyqfkm26ec8hs6vdpfcppkktwy76msdlwfg8euat9enwew4rcqtlkqqxnzg6r"}'
      - '{"type":"private","id":"4660065728032854412381748795889622379272314801373174547945776152533312518220field","value":"ciphertext1qyqqg7rt8p74zyweshpsa7rwfadvz5wrx50heqxjucxs9nynuv58gpgvpeeka"}'
      - '{"type":"private","id":"6730070339834180050058900303293497953058084638877897827327393536891839946788field","value":"ciphertext1qyqzsy5xlnj9av5jdy379lm89za69ecjzgtcn3hcc3z42r3h2rkdjqczey6p4"}'
      - '{"type":"private","id":"3905598913166472693352955825211180882338391772928515609728936680972478660573field","value":"ciphertext1qyqfpea03nqftwz4rlr9tym4azz26985stv0z8xuu9gzwclyee7ygqqgjcp3k"}'
      - '{"type":"private","id":"7215693369984008673223118085891715586218466956518910943400085339158665270425field","value":"ciphertext1qyqqmqcfmqrals8ajt564w6s3lau2dmxn09lgjdx8s3a2ugdnuqh6rgkw6ywd"}'
    credits.aleo/fee_public:
      outputs:
      - '{"type":"future","id":"5813903071441008439034377261900917439453188395995082500140988193573411054956field","value":"{\n  program_id: credits.aleo,\n  function_name: fee_public,\n  arguments: [\n    aleo10knkelvnd55fsaarm25wch7p9suf2tqlgwy5k4nxwms6d262xyfqm2tccr,\n    11438u64\n  ]\n}"}'
