errors: []
outputs:
- verified: true
  execute:
    mapping_operations.aleo/empty_remove:
      outputs:
      - '{"type":"future","id":"513976670430165590671975854207176640474722360754218511139582421307363127239field","value":"{\n  program_id: mapping_operations.aleo,\n  function_name: empty_remove,\n  arguments: [\n    10u8\n  ]\n}"}'
  speculate: the execution was accepted
  add_next_block: succeeded.
- verified: true
  execute:
    mapping_operations.aleo/insert_contains_remove:
      outputs:
      - '{"type":"future","id":"4694759841672908832036638375867859148189802436433991047332612043424830909025field","value":"{\n  program_id: mapping_operations.aleo,\n  function_name: insert_contains_remove,\n  arguments: [\n    0u8,\n    0u8\n  ]\n}"}'
  speculate: the execution was accepted
  add_next_block: succeeded.
- verified: true
  execute:
    mapping_operations.aleo/insert_contains_remove:
      outputs:
      - '{"type":"future","id":"853544788270499381306658592151445821754762116076336414387883404121303374960field","value":"{\n  program_id: mapping_operations.aleo,\n  function_name: insert_contains_remove,\n  arguments: [\n    0u8,\n    0u8\n  ]\n}"}'
  speculate: the execution was accepted
  add_next_block: succeeded.
- verified: true
  execute:
    mapping_operations.aleo/insert_contains_remove:
      outputs:
      - '{"type":"future","id":"2512373776423473614600491202863965271515634672166785663979141185347250398174field","value":"{\n  program_id: mapping_operations.aleo,\n  function_name: insert_contains_remove,\n  arguments: [\n    0u8,\n    1u8\n  ]\n}"}'
  speculate: the execution was accepted
  add_next_block: succeeded.
additional:
- child_outputs:
    credits.aleo/fee_public:
      outputs:
      - '{"type":"future","id":"3650557045662795765128227441824141380803288967908940644428422428167011339441field","value":"{\n  program_id: credits.aleo,\n  function_name: fee_public,\n  arguments: [\n    aleo1eakarna6a70pg9r0l9qal20faejwctgur5xt7lnc2a42wj2yssfqc89rk8,\n    11245u64\n  ]\n}"}'
- child_outputs:
    credits.aleo/fee_public:
      outputs:
      - '{"type":"future","id":"3620478332538502782812242728702848880528883213602671188379828492788562304407field","value":"{\n  program_id: credits.aleo,\n  function_name: fee_public,\n  arguments: [\n    aleo1eakarna6a70pg9r0l9qal20faejwctgur5xt7lnc2a42wj2yssfqc89rk8,\n    154810u64\n  ]\n}"}'
- child_outputs:
    credits.aleo/fee_public:
      outputs:
      - '{"type":"future","id":"2964198291690383602020631875256968523060877520512567622589116733179614057067field","value":"{\n  program_id: credits.aleo,\n  function_name: fee_public,\n  arguments: [\n    aleo1eakarna6a70pg9r0l9qal20faejwctgur5xt7lnc2a42wj2yssfqc89rk8,\n    154810u64\n  ]\n}"}'
- child_outputs:
    credits.aleo/fee_public:
      outputs:
      - '{"type":"future","id":"3020010695955343053148471079248966957289673742622392677872488217076402723391field","value":"{\n  program_id: credits.aleo,\n  function_name: fee_public,\n  arguments: [\n    aleo1eakarna6a70pg9r0l9qal20faejwctgur5xt7lnc2a42wj2yssfqc89rk8,\n    154810u64\n  ]\n}"}'
