errors: []
outputs:
- execute: 'Failed to evaluate instruction (assert.neq self.caller self.signer ;): ''assert.neq'' failed: ''aleo1qr2ha4pfs5l28aze88yn6fhleeythklkczrule2v838uwj65n5gqxt9djx'' is equal to ''aleo1qr2ha4pfs5l28aze88yn6fhleeythklkczrule2v838uwj65n5gqxt9djx'' (should not be equal)'
- verified: true
  execute:
    parent.aleo/foo:
      outputs:
      - '{"type":"public","id":"3132791686827287921440743324738703114146701102235145323661431442511856217971field","value":"aleo16w8t56s7v6ud7vu33fr388ph0dq0c7yhp597cyjt88rr3nultcyqcyk9yy"}'
      - '{"type":"public","id":"1169777204608013233991632187841309149325186451415097502721101984905963139305field","value":"aleo1qr2ha4pfs5l28aze88yn6fhleeythklkczrule2v838uwj65n5gqxt9djx"}'
      - '{"type":"public","id":"1665319193117753448377121751627813108743655828484762770917631655878172393186field","value":"aleo1qr2ha4pfs5l28aze88yn6fhleeythklkczrule2v838uwj65n5gqxt9djx"}'
      - '{"type":"public","id":"7758205965922928181208860399725493314521642846958858098822310042398374724396field","value":"aleo1qr2ha4pfs5l28aze88yn6fhleeythklkczrule2v838uwj65n5gqxt9djx"}'
  speculate: the execution was accepted
  add_next_block: succeeded.
additional:
- {}
- child_outputs:
    child.aleo/foo:
      outputs:
      - '{"type":"public","id":"2993170113733308844367597166852726630975295024179214931455119604247188877620field","value":"aleo16w8t56s7v6ud7vu33fr388ph0dq0c7yhp597cyjt88rr3nultcyqcyk9yy"}'
      - '{"type":"public","id":"1950496274064567059462280897914917860554722224455576030212114387721626639734field","value":"aleo1qr2ha4pfs5l28aze88yn6fhleeythklkczrule2v838uwj65n5gqxt9djx"}'
    credits.aleo/fee_public:
      outputs:
      - '{"type":"future","id":"2599746364993747569854355360180642623041829224356671742496735219392179674498field","value":"{\n  program_id: credits.aleo,\n  function_name: fee_public,\n  arguments: [\n    aleo1qr2ha4pfs5l28aze88yn6fhleeythklkczrule2v838uwj65n5gqxt9djx,\n    2187u64\n  ]\n}"}'
