errors: []
outputs:
- verified: true
  execute:
    public_wallet.aleo/init:
      outputs:
      - '{"type":"future","id":"8260497972742778111367097052162295474031012001184713805972943051311817949697field","value":{"program_id":"public_wallet.aleo","function_name":"init","arguments":[{"program_id":"token.aleo","function_name":"mint_public","arguments":["aleo1sry3pke49ykrf0aeshf889tr98r4c86p5f4ms766795ssdwfdyqq9jdg0j","10u64"]}]}}'
  speculate: the execution was accepted
  add_next_block: succeeded.
additional:
- child_outputs:
    token.aleo/mint_public:
      outputs:
      - '{"type":"future","id":"8286939272855752797035017591517297078431849718370537735860811608893885242485field","value":{"program_id":"token.aleo","function_name":"mint_public","arguments":["aleo1sry3pke49ykrf0aeshf889tr98r4c86p5f4ms766795ssdwfdyqq9jdg0j","10u64"]}}'
    credits.aleo/fee_public:
      outputs:
      - '{"type":"future","id":"7334131816336578548207468749349798727140016102586366303966330861449690845886field","value":{"program_id":"credits.aleo","function_name":"fee_public","arguments":["aleo1d3e2je2m2hsxwdsvntvf4jnnlj459ywfry6ch2qwrpy6l6r6yvpq8e88h5","27585u64"]}}'
