errors: []
outputs:
- verified: true
  execute:
    relay.aleo/send:
      outputs:
      - '{"type":"record","id":"5505341694097720023583674648027312667621444458172921945164834002648638744768field","checksum":"4170712463954366904268628656227022271867279479485549214633981747772705648157field","value":"record1qyqsp358e054av498aavwel28wr36tg0ay27k4fc539ffmwz2nddl8gqqyzxgct5vy3sqqspqpfgwnp3rnwprhd2q3h8gmxcnldlczrvszade4vzxlu7dmfeg6j3rd8mwuzysqtgl6603ey2zzry8hjwmn3pt3twclpkkvssc4l4jzsvd6lxar"}'
      - '{"type":"future","id":"5442196731199501033516997315536802286771381654648404072656864347298151743003field","value":"{\n  program_id: relay.aleo,\n  function_name: send,\n  arguments: [\n    aleo1f6eg623knp66cwx0926w3plgdgzcmfpgyrzgnjz90mucgs3z7s9qls4upm\n  ]\n}"}'
  speculate: the execution was rejected
  add_next_block: succeeded.
- verified: true
  execute:
    relay.aleo/send_without_check:
      outputs:
      - '{"type":"record","id":"4755207731349921544198839760105069860415948248486655350742993041864954064196field","checksum":"7848435433502532569425287419063381736913355859517668180377091558079541996646field","value":"record1qyqsp83ncqrtrev57v03h3j8qcysfgef256zh7pmh7zgj83h6g7tfkq0qyzxgct5vy3sqqspqzx4ww05zz3grf6hxgr46csu2vmzr2lgq0f48kxp4j383l68ufqsq45f8wqk6jxfnkm6v92cq48xea0tfrg0fwwr249m95t4eka6jkgv0c5y7k"}'
      - '{"type":"future","id":"7096105927658574358527187665040993539615241837502198163087038919436093048144field","value":"{\n  program_id: relay.aleo,\n  function_name: send_without_check,\n  arguments: [\n    aleo1f6eg623knp66cwx0926w3plgdgzcmfpgyrzgnjz90mucgs3z7s9qls4upm\n  ]\n}"}'
  speculate: the execution was accepted
  add_next_block: succeeded.
- verified: true
  execute:
    registry.aleo/register:
      outputs:
      - '{"type":"future","id":"5446972737672342654865490167952496634158426704624044659644067337703357547983field","value":"{\n  program_id: registry.aleo,\n  function_name: register,\n  arguments: [\n    aleo1f6eg623knp66cwx0926w3plgdgzcmfpgyrzgnjz90mucgs3z7s9qls4upm\n  ]\n}"}'
  speculate: the execution was accepted
  add_next_block: succeeded.
- verified: true
  execute:
    relay.aleo/send:
      outputs:
      - '{"type":"record","id":"2277384653342632398532359071690090462344215994043547853708800775056671259572field","checksum":"3071210942562837171924171313096615835242397071199450951002063969440885822680field","value":"record1qyqspfwaru0f2lj0s2k6p9jfmmkzyvkzl5qpagt00edyuf9qn3gnu5g9qyzxgct5vy3sqqspqrncgctd3wfmz2ggx0v7l5cggxxad49wcmtlyrjnk8fqulmkg3h3rleuqh8nmwn5d9z8cpf6z75sy880xenua6hu9wk6ptzwh9vnzps3l7743a"}'
      - '{"type":"future","id":"4556110991549826207824540984103632227024449543743135915491677376919472371272field","value":"{\n  program_id: relay.aleo,\n  function_name: send,\n  arguments: [\n    aleo1f6eg623knp66cwx0926w3plgdgzcmfpgyrzgnjz90mucgs3z7s9qls4upm\n  ]\n}"}'
  speculate: the execution was accepted
  add_next_block: succeeded.
- verified: true
  execute:
    registry.aleo/unregister:
      outputs:
      - '{"type":"future","id":"3937468794217695767514352020825733704009053357618910412289449201022528183129field","value":"{\n  program_id: registry.aleo,\n  function_name: unregister,\n  arguments: [\n    aleo1f6eg623knp66cwx0926w3plgdgzcmfpgyrzgnjz90mucgs3z7s9qls4upm\n  ]\n}"}'
  speculate: the execution was accepted
  add_next_block: succeeded.
- verified: true
  execute:
    relay.aleo/send:
      outputs:
      - '{"type":"record","id":"6497977440830787207175874226764101265608813002804421333613230199582364410758field","checksum":"319323911748946858530605909565888788506340329996151513367076865761846915611field","value":"record1qyqsqnajqear5neee3l8fykp4vcq35sgwreyz7hz3png3cn2yyljdscfqyzxgct5vy3sqqspqzu6lezptk9xjpx35xdrv5tztz0v9qs9xx803pyqury2j47x2d5seymhf3xa2wefz7mkas7r7m3uf4kte7fdwm00ral53q2mhclx95qte8mpvc"}'
      - '{"type":"future","id":"3229366919318219679638161067381792227991045093986357075456487847991962063680field","value":"{\n  program_id: relay.aleo,\n  function_name: send,\n  arguments: [\n    aleo1f6eg623knp66cwx0926w3plgdgzcmfpgyrzgnjz90mucgs3z7s9qls4upm\n  ]\n}"}'
  speculate: the execution was rejected
  add_next_block: succeeded.
additional:
- child_outputs:
    credits.aleo/fee_public:
      outputs:
      - '{"type":"future","id":"287714326547065147632386041381462772277143739683750779413781861533324542908field","value":"{\n  program_id: credits.aleo,\n  function_name: fee_public,\n  arguments: [\n    aleo1xe2fps8f9xpdas2q0fqy22uraenk84tvvzetrsyxgnwy6445h59s6wv78x,\n    28479u64\n  ]\n}"}'
- child_outputs:
    credits.aleo/fee_public:
      outputs:
      - '{"type":"future","id":"6649629637207372964857345430403866145654153614971187041628192785611251123180field","value":"{\n  program_id: credits.aleo,\n  function_name: fee_public,\n  arguments: [\n    aleo1xe2fps8f9xpdas2q0fqy22uraenk84tvvzetrsyxgnwy6445h59s6wv78x,\n    28507u64\n  ]\n}"}'
- child_outputs:
    credits.aleo/fee_public:
      outputs:
      - '{"type":"future","id":"6313149385997960507862814561552986754297687946640717773734483139258266930884field","value":"{\n  program_id: credits.aleo,\n  function_name: fee_public,\n  arguments: [\n    aleo1f6eg623knp66cwx0926w3plgdgzcmfpgyrzgnjz90mucgs3z7s9qls4upm,\n    101210u64\n  ]\n}"}'
- child_outputs:
    credits.aleo/fee_public:
      outputs:
      - '{"type":"future","id":"4275231109424124634535800322540895777297870484284382855497078926857012238518field","value":"{\n  program_id: credits.aleo,\n  function_name: fee_public,\n  arguments: [\n    aleo1xe2fps8f9xpdas2q0fqy22uraenk84tvvzetrsyxgnwy6445h59s6wv78x,\n    28479u64\n  ]\n}"}'
- child_outputs:
    credits.aleo/fee_public:
      outputs:
      - '{"type":"future","id":"4672593758915782759444776821290902637872156268641425969525459952369605821638field","value":"{\n  program_id: credits.aleo,\n  function_name: fee_public,\n  arguments: [\n    aleo1f6eg623knp66cwx0926w3plgdgzcmfpgyrzgnjz90mucgs3z7s9qls4upm,\n    101214u64\n  ]\n}"}'
- child_outputs:
    credits.aleo/fee_public:
      outputs:
      - '{"type":"future","id":"4563984273654878917898732677226757277037946841102836189913527591453113921149field","value":"{\n  program_id: credits.aleo,\n  function_name: fee_public,\n  arguments: [\n    aleo1xe2fps8f9xpdas2q0fqy22uraenk84tvvzetrsyxgnwy6445h59s6wv78x,\n    28479u64\n  ]\n}"}'
