errors:
- 'Failed to run `VM::deploy for program reassign_to_input_in_fin_fail.aleo: Cannot re-assign to the input register ''r0'''
outputs: []
