errors:
- 'Failed to run `VM::deploy for program reassignment_in_function_fail.aleo: Register ''r0'' is out of order'
outputs: []
