errors:
- 'Failed to run `VM::deploy for program reassign_with_diff_type_in_fin.aleo: Cannot re-assign destination register ''r2'' with type ''u8.public'' to type ''field.public'''
outputs: []
