errors: []
outputs:
- verified: true
  execute:
    unused_position.aleo/foo:
      outputs:
      - '{"type":"future","id":"5408452314004637538444583211608650550215632668705730253710414606897907094286field","value":"{\n  program_id: unused_position.aleo,\n  function_name: foo,\n  arguments: []\n}"}'
  speculate: the execution was accepted
  add_next_block: succeeded.
additional:
- child_outputs:
    credits.aleo/fee_public:
      outputs:
      - '{"type":"future","id":"1846547935819125611375261116748293171392625542993437934741572770467926190067field","value":"{\n  program_id: credits.aleo,\n  function_name: fee_public,\n  arguments: [\n    aleo12tksdptp7hvxly8tkm3um08fvf53qpehsgdgqfvy9pe3sewcq5ysjg5myy,\n    1308u64\n  ]\n}"}'
