errors: []
outputs:
- verified: true
  execute:
    child.aleo/foo:
      outputs:
      - '{"type":"public","id":"8257993261519343122023101166480151323931323787055034156941189634399210202459field","value":"aleo1qr2ha4pfs5l28aze88yn6fhleeythklkczrule2v838uwj65n5gqxt9djx"}'
      - '{"type":"public","id":"188190518969019844021095872841035661635298121101628545721182533596213107162field","value":"aleo1qr2ha4pfs5l28aze88yn6fhleeythklkczrule2v838uwj65n5gqxt9djx"}'
  speculate: the execution was accepted
  add_next_block: succeeded.
- execute: 'Failed to evaluate instruction (call child.aleo/foo into r0 r1;): Failed to evaluate instruction (assert.eq self.caller self.signer ;): ''assert.eq'' failed: ''aleo16w8t56s7v6ud7vu33fr388ph0dq0c7yhp597cyjt88rr3nultcyqcyk9yy'' is not equal to ''aleo1qr2ha4pfs5l28aze88yn6fhleeythklkczrule2v838uwj65n5gqxt9djx'' (should be equal)'
additional:
- child_outputs:
    credits.aleo/fee_public:
      outputs:
      - '{"type":"future","id":"8038303756319041464205585758890772107103094147833742185831015274112242397170field","value":"{\n  program_id: credits.aleo,\n  function_name: fee_public,\n  arguments: [\n    aleo1qr2ha4pfs5l28aze88yn6fhleeythklkczrule2v838uwj65n5gqxt9djx,\n    1244u64\n  ]\n}"}'
- {}
