[Fp256(899427253760258826025249588042541839988334215336061347773077910082845390723), Fp256(503561115646299067063955586120690249776489473146280008655239237219398347232), Fp256(3827021101133396716068943266798311285401903417853078562666289665225263213614), Fp256(7683006969113097985270259796168753241984883770210184106048137347882610814814), Fp256(3876544131760756740090767951823663826212134371967668226110424340155209154582)]