[Fp256(7591474872162586469654566817503780225849384965605077030889001657262363781307), Fp256(2417055603419251053381961427144328918339990296224757963867498408590107877509), Fp256(638345199148168166152802363977976455456697814360481860513124075671229197553), Fp256(7281022868578791241070833574101436271952292022060873080980106533518743367478), Fp256(8339716709624662255298826520474313636732204897523334889042445339907470212112), Fp256(596058335440720818125585344857234137754531715114697559119862338728543041365)]