[Fp256(6516444898561626455585533293791858966233852674579121717978849779725431415191), Fp256(6908975510979537798352569257442454123158330052761373410114113950327474344006)]