[Fp256(7151368218058075136557703485595100918887432562555117957168257459924289309763), Fp256(7156225247123338297572952163689550905562858152515363699579710489276082711052), Fp256(1801305077909831239241704893751346484528176212782731340475396060766403044852), Fp256(1020385789585437309933956366691111095424176914688680638359937818258411076910), Fp256(7985073086282326564696958588564719325462622257727500961682675009363780310437), Fp256(7079303272612309849069255511068533395475252582945700445418585826650621431494)]