[Fp256(3391016607955159188494742785693894407703396172877985401872356626185919929338), Fp256(4169938242544541145993451630655692488440341565073189375955567826918225475681), Fp256(4914921175932628583204572621327614605054541047971167328517707100795016856048), Fp256(5661497421184105622306219350673754854854319903270942498616039477972966530492), Fp256(1798259123107667580613002315789340402669420898124408374037561170277528522581)]