- - |-
    [
      [
        false,
        false,
        false,
        false
      ]
    ]
  - |-
    {
      left: [
        [
          true,
          false,
          true,
          false
        ]
      ],
      right: [
        [
          false,
          true,
          false,
          true
        ]
      ]
    }
- - |-
    [
      [
        true,
        true,
        true,
        true
      ],
      [
        false,
        false,
        false,
        false
      ]
    ]
  - |-
    [
      true,
      true,
      true,
      true,
      false,
      false,
      false,
      false
    ]
