errors: []
outputs:
- - |-
    {
      x: 4u8,
      y: 6u8
    }
- - |-
    {
      x: 4u8,
      y: 6u8
    }
