errors: []
outputs:
- - 'false'
  - 'true'
- - 'true'
  - 'false'
- - 'false'
  - 'true'
- - 'true'
  - 'false'
